2026-01-29 13:16:04,283 - INFO - Memulai kompilasi untuk 105 saham...
2026-01-29 13:16:04,292 - INFO - [AHAP] Sukses! 6 baris data dikompilasi ke CSV.
2026-01-29 13:16:04,292 - INFO - [BNGA] Sukses! 6 baris data dikompilasi ke CSV.
2026-01-29 13:16:04,292 - INFO - [BCIC] Sukses! 6 baris data dikompilasi ke CSV.
2026-01-29 13:16:04,293 - INFO - [BBSI] Sukses! 6 baris data dikompilasi ke CSV.
2026-01-29 13:16:04,294 - INFO - [FUJI] Sukses! 6 baris data dikompilasi ke CSV.
2026-01-29 13:16:04,295 - INFO - [VICO] Sukses! 6 baris data dikompilasi ke CSV.
2026-01-29 13:16:04,295 - INFO - [BHAT] Sukses! 6 baris data dikompilasi ke CSV.
2026-01-29 13:16:04,296 - INFO - [TRIM] Sukses! 6 baris data dikompilasi ke CSV.
2026-01-29 13:16:04,299 - INFO - [BNII] Sukses! 6 baris data dikompilasi ke CSV.
2026-01-29 13:16:04,302 - INFO - [GSMF] Sukses! 6 baris data dikompilasi ke CSV.
2026-01-29 13:16:04,302 - INFO - [VRNA] Sukses! 6 baris data dikompilasi ke CSV.
2026-01-29 13:16:04,302 - INFO - [STAR] Sukses! 5 baris data dikompilasi ke CSV.
2026-01-29 13:16:04,302 - INFO - [JMAS] Sukses! 6 baris data dikompilasi ke CSV.
2026-01-29 13:16:04,303 - INFO - [PEGE] Sukses! 6 baris data dikompilasi ke CSV.
2026-01-29 13:16:04,304 - INFO - [PLAS] Sukses! 6 baris data dikompilasi ke CSV.
2026-01-29 13:16:04,304 - INFO - [AGRO] Sukses! 6 baris data dikompilasi ke CSV.
2026-01-29 13:16:04,308 - INFO - [ASBI] Sukses! 6 baris data dikompilasi ke CSV.
2026-01-29 13:16:04,309 - INFO - [ASMI] Sukses! 6 baris data dikompilasi ke CSV.
2026-01-29 13:16:04,311 - INFO - [BBHI] Sukses! 6 baris data dikompilasi ke CSV.
2026-01-29 13:16:04,311 - INFO - [NISP] Sukses! 6 baris data dikompilasi ke CSV.
2026-01-29 13:16:04,312 - INFO - [HDFA] Sukses! 6 baris data dikompilasi ke CSV.
2026-01-29 13:16:04,312 - INFO - [BABP] Sukses! 6 baris data dikompilasi ke CSV.
2026-01-29 13:16:04,313 - INFO - [PNIN] Sukses! 6 baris data dikompilasi ke CSV.
2026-01-29 13:16:04,314 - INFO - [BTPN] Sukses! 6 baris data dikompilasi ke CSV.
2026-01-29 13:16:04,317 - INFO - [ABDA] Sukses! 6 baris data dikompilasi ke CSV.
2026-01-29 13:16:04,319 - INFO - [SDRA] Sukses! 6 baris data dikompilasi ke CSV.
2026-01-29 13:16:04,319 - INFO - [LPPS] Sukses! 6 baris data dikompilasi ke CSV.
2026-01-29 13:16:04,320 - INFO - [TUGU] Sukses! 6 baris data dikompilasi ke CSV.
2026-01-29 13:16:04,321 - INFO - [PANS] Sukses! 6 baris data dikompilasi ke CSV.
2026-01-29 13:16:04,322 - INFO - [BBCA] Sukses! 6 baris data dikompilasi ke CSV.
2026-01-29 13:16:04,322 - INFO - [BRIS] Sukses! 6 baris data dikompilasi ke CSV.
2026-01-29 13:16:04,323 - INFO - [BBTN] Sukses! 6 baris data dikompilasi ke CSV.
2026-01-29 13:16:04,325 - INFO - [AMAR] Sukses! 6 baris data dikompilasi ke CSV.
2026-01-29 13:16:04,327 - INFO - [SMMA] Sukses! 6 baris data dikompilasi ke CSV.
2026-01-29 13:16:04,328 - INFO - [BNBA] Sukses! 6 baris data dikompilasi ke CSV.
2026-01-29 13:16:04,329 - INFO - [BNLI] Sukses! 6 baris data dikompilasi ke CSV.
2026-01-29 13:16:04,331 - INFO - [AGRS] Sukses! 6 baris data dikompilasi ke CSV.
2026-01-29 13:16:04,331 - INFO - [RELI] Sukses! 6 baris data dikompilasi ke CSV.
2026-01-29 13:16:04,331 - INFO - [SRTG] Sukses! 6 baris data dikompilasi ke CSV.
2026-01-29 13:16:04,332 - INFO - [BFIN] Sukses! 6 baris data dikompilasi ke CSV.
2026-01-29 13:16:04,334 - INFO - [YULE] Sukses! 6 baris data dikompilasi ke CSV.
2026-01-29 13:16:04,334 - INFO - [BBMD] Sukses! 6 baris data dikompilasi ke CSV.
2026-01-29 13:16:04,337 - INFO - [OCAP] Sukses! 6 baris data dikompilasi ke CSV.
2026-01-29 13:16:04,338 - INFO - [LIFE] Sukses! 6 baris data dikompilasi ke CSV.
2026-01-29 13:16:04,339 - INFO - [PADI] Sukses! 6 baris data dikompilasi ke CSV.
2026-01-29 13:16:04,340 - INFO - [BEKS] Sukses! 6 baris data dikompilasi ke CSV.
2026-01-29 13:16:04,340 - INFO - [INPC] Sukses! 6 baris data dikompilasi ke CSV.
2026-01-29 13:16:04,341 - INFO - [NOBU] Sukses! 6 baris data dikompilasi ke CSV.
2026-01-29 13:16:04,342 - INFO - [AMOR] Sukses! 6 baris data dikompilasi ke CSV.
2026-01-29 13:16:04,345 - INFO - [POLA] Sukses! 6 baris data dikompilasi ke CSV.
2026-01-29 13:16:04,347 - INFO - [BDMN] Sukses! 6 baris data dikompilasi ke CSV.
2026-01-29 13:16:04,347 - INFO - [BSWD] Sukses! 5 baris data dikompilasi ke CSV.
2026-01-29 13:16:04,347 - INFO - [ASJT] Sukses! 6 baris data dikompilasi ke CSV.
2026-01-29 13:16:04,348 - INFO - [DNAR] Sukses! 6 baris data dikompilasi ke CSV.
2026-01-29 13:16:04,348 - INFO - [YOII] Sukses! 6 baris data dikompilasi ke CSV.
2026-01-29 13:16:04,350 - INFO - [ADMF] Sukses! 6 baris data dikompilasi ke CSV.
2026-01-29 13:16:04,351 - INFO - [BANK] Sukses! 6 baris data dikompilasi ke CSV.
2026-01-29 13:16:04,354 - INFO - [BJBR] Sukses! 6 baris data dikompilasi ke CSV.
2026-01-29 13:16:04,355 - INFO - [ASRM] Sukses! 6 baris data dikompilasi ke CSV.
2026-01-29 13:16:04,355 - INFO - [BGTG] Sukses! 6 baris data dikompilasi ke CSV.
2026-01-29 13:16:04,356 - INFO - [NICK] Sukses! 6 baris data dikompilasi ke CSV.
2026-01-29 13:16:04,357 - INFO - [BVIC] Sukses! 6 baris data dikompilasi ke CSV.
2026-01-29 13:16:04,357 - INFO - [PNBS] Sukses! 6 baris data dikompilasi ke CSV.
2026-01-29 13:16:04,359 - INFO - [LPGI] Sukses! 6 baris data dikompilasi ke CSV.
2026-01-29 13:16:04,360 - INFO - [VTNY] Sukses! 6 baris data dikompilasi ke CSV.
2026-01-29 13:16:04,363 - INFO - [VINS] Sukses! 6 baris data dikompilasi ke CSV.
2026-01-29 13:16:04,364 - INFO - [ARTO] Sukses! 6 baris data dikompilasi ke CSV.
2026-01-29 13:16:04,365 - INFO - [BACA] Sukses! 6 baris data dikompilasi ke CSV.
2026-01-29 13:16:04,365 - INFO - [MCOR] Sukses! 6 baris data dikompilasi ke CSV.
2026-01-29 13:16:04,365 - INFO - [DNET] Sukses! 6 baris data dikompilasi ke CSV.
2026-01-29 13:16:04,366 - INFO - [BBRI] Sukses! 6 baris data dikompilasi ke CSV.
2026-01-29 13:16:04,366 - INFO - [TIFA] Sukses! 6 baris data dikompilasi ke CSV.
2026-01-29 13:16:04,369 - INFO - [BJTM] Sukses! 6 baris data dikompilasi ke CSV.
2026-01-29 13:16:04,370 - INFO - [MASB] Sukses! 6 baris data dikompilasi ke CSV.
2026-01-29 13:16:04,371 - INFO - [BTPS] Sukses! 6 baris data dikompilasi ke CSV.
2026-01-29 13:16:04,372 - INFO - [BINA] Sukses! 6 baris data dikompilasi ke CSV.
2026-01-29 13:16:04,374 - INFO - [MTWI] Sukses! 6 baris data dikompilasi ke CSV.
2026-01-29 13:16:04,375 - INFO - [PNLF] Sukses! 6 baris data dikompilasi ke CSV.
2026-01-29 13:16:04,376 - INFO - [DEFI] Sukses! 6 baris data dikompilasi ke CSV.
2026-01-29 13:16:04,376 - INFO - [SFAN] Sukses! 6 baris data dikompilasi ke CSV.
2026-01-29 13:16:04,378 - INFO - [APIC] Sukses! 6 baris data dikompilasi ke CSV.
2026-01-29 13:16:04,380 - INFO - [CFIN] Sukses! 6 baris data dikompilasi ke CSV.
2026-01-29 13:16:04,380 - INFO - [MEGA] Sukses! 6 baris data dikompilasi ke CSV.
2026-01-29 13:16:04,381 - INFO - [BBNI] Sukses! 6 baris data dikompilasi ke CSV.
2026-01-29 13:16:04,382 - INFO - [WOMF] Sukses! 6 baris data dikompilasi ke CSV.
2026-01-29 13:16:04,384 - INFO - [TRUS] Sukses! 6 baris data dikompilasi ke CSV.
2026-01-29 13:16:04,386 - INFO - [BBYB] Sukses! 6 baris data dikompilasi ke CSV.
2026-01-29 13:16:04,386 - INFO - [MREI] Sukses! 6 baris data dikompilasi ke CSV.
2026-01-29 13:16:04,386 - INFO - [BBLD] Sukses! 6 baris data dikompilasi ke CSV.
2026-01-29 13:16:04,388 - INFO - [BBKP] Sukses! 6 baris data dikompilasi ke CSV.
2026-01-29 13:16:04,389 - INFO - [BPFI] Sukses! 6 baris data dikompilasi ke CSV.
2026-01-29 13:16:04,391 - INFO - [BMAS] Sukses! 6 baris data dikompilasi ke CSV.
2026-01-29 13:16:04,393 - INFO - [PNBN] Sukses! 6 baris data dikompilasi ke CSV.
2026-01-29 13:16:04,394 - INFO - [CASA] Sukses! 6 baris data dikompilasi ke CSV.
2026-01-29 13:16:04,394 - INFO - [PALM] Sukses! 6 baris data dikompilasi ke CSV.
2026-01-29 13:16:04,394 - INFO - [BSIM] Sukses! 6 baris data dikompilasi ke CSV.
2026-01-29 13:16:04,395 - INFO - [BPII] Sukses! 6 baris data dikompilasi ke CSV.
2026-01-29 13:16:04,395 - INFO - [BCAP] Sukses! 6 baris data dikompilasi ke CSV.
2026-01-29 13:16:04,397 - INFO - [MAYA] Sukses! 6 baris data dikompilasi ke CSV.
2026-01-29 13:16:04,400 - INFO - [AMAG] Sukses! 6 baris data dikompilasi ke CSV.
2026-01-29 13:16:04,400 - INFO - [ASDM] Sukses! 6 baris data dikompilasi ke CSV.
2026-01-29 13:16:04,400 - INFO - [BKSW] Sukses! 6 baris data dikompilasi ke CSV.
2026-01-29 13:16:04,400 - INFO - [POOL] Sukses! 6 baris data dikompilasi ke CSV.
2026-01-29 13:16:04,401 - INFO - [COIN] Sukses! 6 baris data dikompilasi ke CSV.
2026-01-29 13:16:04,401 - INFO - [BMRI] Sukses! 6 baris data dikompilasi ke CSV.
2026-01-29 14:03:16,922 - INFO - Memulai kompilasi untuk 105 saham...
2026-01-29 14:03:16,928 - INFO - [BNGA] Sukses! 6 baris data dikompilasi ke CSV.
2026-01-29 14:03:16,930 - INFO - [BCIC] Sukses! 6 baris data dikompilasi ke CSV.
2026-01-29 14:03:16,933 - INFO - [FUJI] Sukses! 6 baris data dikompilasi ke CSV.
2026-01-29 14:03:16,933 - INFO - [BBSI] Sukses! 6 baris data dikompilasi ke CSV.
2026-01-29 14:03:16,933 - INFO - [BHAT] Sukses! 6 baris data dikompilasi ke CSV.
2026-01-29 14:03:16,934 - INFO - [VICO] Sukses! 6 baris data dikompilasi ke CSV.
2026-01-29 14:03:16,935 - INFO - [AHAP] Sukses! 6 baris data dikompilasi ke CSV.
2026-01-29 14:03:16,935 - INFO - [TRIM] Sukses! 6 baris data dikompilasi ke CSV.
2026-01-29 14:03:16,936 - INFO - [STAR] Sukses! 5 baris data dikompilasi ke CSV.
2026-01-29 14:03:16,940 - INFO - [PLAS] Sukses! 6 baris data dikompilasi ke CSV.
2026-01-29 14:03:16,940 - INFO - [BNII] Sukses! 6 baris data dikompilasi ke CSV.
2026-01-29 14:03:16,942 - INFO - [GSMF] Sukses! 6 baris data dikompilasi ke CSV.
2026-01-29 14:03:16,942 - INFO - [VRNA] Sukses! 6 baris data dikompilasi ke CSV.
2026-01-29 14:03:16,943 - INFO - [BABP] Sukses! 6 baris data dikompilasi ke CSV.
2026-01-29 14:03:16,944 - INFO - [JMAS] Sukses! 6 baris data dikompilasi ke CSV.
2026-01-29 14:03:16,945 - INFO - [AGRO] Sukses! 6 baris data dikompilasi ke CSV.
2026-01-29 14:03:16,947 - INFO - [PEGE] Sukses! 6 baris data dikompilasi ke CSV.
2026-01-29 14:03:16,949 - INFO - [ASBI] Sukses! 6 baris data dikompilasi ke CSV.
2026-01-29 14:03:16,950 - INFO - [BBHI] Sukses! 6 baris data dikompilasi ke CSV.
2026-01-29 14:03:16,951 - INFO - [NISP] Sukses! 6 baris data dikompilasi ke CSV.
2026-01-29 14:03:16,953 - INFO - [PNIN] Sukses! 6 baris data dikompilasi ke CSV.
2026-01-29 14:03:16,954 - INFO - [HDFA] Sukses! 6 baris data dikompilasi ke CSV.
2026-01-29 14:03:16,954 - INFO - [BTPN] Sukses! 6 baris data dikompilasi ke CSV.
2026-01-29 14:03:16,954 - INFO - [ASMI] Sukses! 6 baris data dikompilasi ke CSV.
2026-01-29 14:03:16,955 - INFO - [ABDA] Sukses! 6 baris data dikompilasi ke CSV.
2026-01-29 14:03:16,956 - INFO - [SDRA] Sukses! 6 baris data dikompilasi ke CSV.
2026-01-29 14:03:16,960 - INFO - [TUGU] Sukses! 6 baris data dikompilasi ke CSV.
2026-01-29 14:03:16,960 - INFO - [BBCA] Sukses! 6 baris data dikompilasi ke CSV.
2026-01-29 14:03:16,961 - INFO - [BBTN] Sukses! 6 baris data dikompilasi ke CSV.
2026-01-29 14:03:16,963 - INFO - [BRIS] Sukses! 6 baris data dikompilasi ke CSV.
2026-01-29 14:03:16,964 - INFO - [BNLI] Sukses! 6 baris data dikompilasi ke CSV.
2026-01-29 14:03:16,964 - INFO - [PANS] Sukses! 6 baris data dikompilasi ke CSV.
2026-01-29 14:03:16,965 - INFO - [AMAR] Sukses! 6 baris data dikompilasi ke CSV.
2026-01-29 14:03:16,967 - INFO - [LPPS] Sukses! 6 baris data dikompilasi ke CSV.
2026-01-29 14:03:16,968 - INFO - [SMMA] Sukses! 6 baris data dikompilasi ke CSV.
2026-01-29 14:03:16,969 - INFO - [AGRS] Sukses! 6 baris data dikompilasi ke CSV.
2026-01-29 14:03:16,971 - INFO - [BNBA] Sukses! 6 baris data dikompilasi ke CSV.
2026-01-29 14:03:16,971 - INFO - [SRTG] Sukses! 6 baris data dikompilasi ke CSV.
2026-01-29 14:03:16,974 - INFO - [RELI] Sukses! 6 baris data dikompilasi ke CSV.
2026-01-29 14:03:16,975 - INFO - [YULE] Sukses! 6 baris data dikompilasi ke CSV.
2026-01-29 14:03:16,975 - INFO - [BFIN] Sukses! 6 baris data dikompilasi ke CSV.
2026-01-29 14:03:16,976 - INFO - [LIFE] Sukses! 6 baris data dikompilasi ke CSV.
2026-01-29 14:03:16,977 - INFO - [BBMD] Sukses! 6 baris data dikompilasi ke CSV.
2026-01-29 14:03:16,978 - INFO - [OCAP] Sukses! 6 baris data dikompilasi ke CSV.
2026-01-29 14:03:16,979 - INFO - [NOBU] Sukses! 6 baris data dikompilasi ke CSV.
2026-01-29 14:03:16,979 - INFO - [AMOR] Sukses! 6 baris data dikompilasi ke CSV.
2026-01-29 14:03:16,983 - INFO - [PADI] Sukses! 6 baris data dikompilasi ke CSV.
2026-01-29 14:03:16,984 - INFO - [DNAR] Sukses! 6 baris data dikompilasi ke CSV.
2026-01-29 14:03:16,984 - INFO - [BEKS] Sukses! 6 baris data dikompilasi ke CSV.
2026-01-29 14:03:16,984 - INFO - [POLA] Sukses! 6 baris data dikompilasi ke CSV.
2026-01-29 14:03:16,987 - INFO - [ASJT] Sukses! 6 baris data dikompilasi ke CSV.
2026-01-29 14:03:16,988 - INFO - [INPC] Sukses! 6 baris data dikompilasi ke CSV.
2026-01-29 14:03:16,989 - INFO - [YOII] Sukses! 6 baris data dikompilasi ke CSV.
2026-01-29 14:03:16,990 - INFO - [ADMF] Sukses! 6 baris data dikompilasi ke CSV.
2026-01-29 14:03:16,990 - INFO - [BDMN] Sukses! 6 baris data dikompilasi ke CSV.
2026-01-29 14:03:16,991 - INFO - [BANK] Sukses! 6 baris data dikompilasi ke CSV.
2026-01-29 14:03:16,992 - INFO - [BSWD] Sukses! 5 baris data dikompilasi ke CSV.
2026-01-29 14:03:16,994 - INFO - [ASRM] Sukses! 6 baris data dikompilasi ke CSV.
2026-01-29 14:03:16,996 - INFO - [BJBR] Sukses! 6 baris data dikompilasi ke CSV.
2026-01-29 14:03:16,996 - INFO - [BGTG] Sukses! 6 baris data dikompilasi ke CSV.
2026-01-29 14:03:16,999 - INFO - [VTNY] Sukses! 6 baris data dikompilasi ke CSV.
2026-01-29 14:03:17,000 - INFO - [BVIC] Sukses! 6 baris data dikompilasi ke CSV.
2026-01-29 14:03:17,000 - INFO - [NICK] Sukses! 6 baris data dikompilasi ke CSV.
2026-01-29 14:03:17,001 - INFO - [LPGI] Sukses! 6 baris data dikompilasi ke CSV.
2026-01-29 14:03:17,001 - INFO - [PNBS] Sukses! 6 baris data dikompilasi ke CSV.
2026-01-29 14:03:17,001 - INFO - [ARTO] Sukses! 6 baris data dikompilasi ke CSV.
2026-01-29 14:03:17,004 - INFO - [VINS] Sukses! 6 baris data dikompilasi ke CSV.
2026-01-29 14:03:17,006 - INFO - [TIFA] Sukses! 6 baris data dikompilasi ke CSV.
2026-01-29 14:03:17,008 - INFO - [BACA] Sukses! 6 baris data dikompilasi ke CSV.
2026-01-29 14:03:17,009 - INFO - [MCOR] Sukses! 6 baris data dikompilasi ke CSV.
2026-01-29 14:03:17,010 - INFO - [DNET] Sukses! 6 baris data dikompilasi ke CSV.
2026-01-29 14:03:17,010 - INFO - [BTPS] Sukses! 6 baris data dikompilasi ke CSV.
2026-01-29 14:03:17,011 - INFO - [BJTM] Sukses! 6 baris data dikompilasi ke CSV.
2026-01-29 14:03:17,011 - INFO - [BBRI] Sukses! 6 baris data dikompilasi ke CSV.
2026-01-29 14:03:17,013 - INFO - [MASB] Sukses! 6 baris data dikompilasi ke CSV.
2026-01-29 14:03:17,015 - INFO - [PNLF] Sukses! 6 baris data dikompilasi ke CSV.
2026-01-29 14:03:17,016 - INFO - [BINA] Sukses! 6 baris data dikompilasi ke CSV.
2026-01-29 14:03:17,017 - INFO - [APIC] Sukses! 6 baris data dikompilasi ke CSV.
2026-01-29 14:03:17,019 - INFO - [MTWI] Sukses! 6 baris data dikompilasi ke CSV.
2026-01-29 14:03:17,021 - INFO - [SFAN] Sukses! 6 baris data dikompilasi ke CSV.
2026-01-29 14:03:17,021 - INFO - [MEGA] Sukses! 6 baris data dikompilasi ke CSV.
2026-01-29 14:03:17,021 - INFO - [BBNI] Sukses! 6 baris data dikompilasi ke CSV.
2026-01-29 14:03:17,021 - INFO - [DEFI] Sukses! 6 baris data dikompilasi ke CSV.
2026-01-29 14:03:17,023 - INFO - [WOMF] Sukses! 6 baris data dikompilasi ke CSV.
2026-01-29 14:03:17,024 - INFO - [MREI] Sukses! 6 baris data dikompilasi ke CSV.
2026-01-29 14:03:17,027 - INFO - [TRUS] Sukses! 6 baris data dikompilasi ke CSV.
2026-01-29 14:03:17,028 - INFO - [BBKP] Sukses! 6 baris data dikompilasi ke CSV.
2026-01-29 14:03:17,028 - INFO - [CFIN] Sukses! 6 baris data dikompilasi ke CSV.
2026-01-29 14:03:17,028 - INFO - [BBLD] Sukses! 6 baris data dikompilasi ke CSV.
2026-01-29 14:03:17,031 - INFO - [BBYB] Sukses! 6 baris data dikompilasi ke CSV.
2026-01-29 14:03:17,032 - INFO - [BPFI] Sukses! 6 baris data dikompilasi ke CSV.
2026-01-29 14:03:17,033 - INFO - [PNBN] Sukses! 6 baris data dikompilasi ke CSV.
2026-01-29 14:03:17,035 - INFO - [BCAP] Sukses! 6 baris data dikompilasi ke CSV.
2026-01-29 14:03:17,036 - INFO - [BMAS] Sukses! 6 baris data dikompilasi ke CSV.
2026-01-29 14:03:17,036 - INFO - [PALM] Sukses! 6 baris data dikompilasi ke CSV.
2026-01-29 14:03:17,038 - INFO - [CASA] Sukses! 6 baris data dikompilasi ke CSV.
2026-01-29 14:03:17,038 - INFO - [BPII] Sukses! 6 baris data dikompilasi ke CSV.
2026-01-29 14:03:17,039 - INFO - [BSIM] Sukses! 6 baris data dikompilasi ke CSV.
2026-01-29 14:03:17,041 - INFO - [MAYA] Sukses! 6 baris data dikompilasi ke CSV.
2026-01-29 14:03:17,042 - INFO - [AMAG] Sukses! 6 baris data dikompilasi ke CSV.
2026-01-29 14:03:17,043 - INFO - [BKSW] Sukses! 6 baris data dikompilasi ke CSV.
2026-01-29 14:03:17,044 - INFO - [BMRI] Sukses! 6 baris data dikompilasi ke CSV.
2026-01-29 14:03:17,044 - INFO - [ASDM] Sukses! 6 baris data dikompilasi ke CSV.
2026-01-29 14:03:17,044 - INFO - [COIN] Sukses! 6 baris data dikompilasi ke CSV.
2026-01-29 14:03:17,045 - INFO - [POOL] Sukses! 6 baris data dikompilasi ke CSV.
