2026-01-29 13:16:02,199 - INFO - Memuat 106 saham dari CSV. Mode Full: False
2026-01-29 13:16:02,199 - INFO - [ABDA] Memulai scraping...
2026-01-29 13:16:02,199 - INFO - [ADMF] Memulai scraping...
2026-01-29 13:16:02,200 - INFO - [AGRO] Memulai scraping...
2026-01-29 13:16:02,203 - INFO - [AGRS] Memulai scraping...
2026-01-29 13:16:02,206 - INFO - [AHAP] Memulai scraping...
2026-01-29 13:16:02,208 - INFO - [AMAG] Memulai scraping...
2026-01-29 13:16:02,210 - INFO - [APIC] Memulai scraping...
2026-01-29 13:16:02,215 - INFO - [ARTO] Memulai scraping...
2026-01-29 13:16:02,378 - INFO - [ASBI] Memulai scraping...
2026-01-29 13:16:02,378 - INFO - [APIC] Sudah up-to-date.
2026-01-29 13:16:02,393 - INFO - [ASDM] Memulai scraping...
2026-01-29 13:16:02,396 - INFO - [ASJT] Memulai scraping...
2026-01-29 13:16:02,398 - INFO - [ARTO] Sudah up-to-date.
2026-01-29 13:16:02,398 - INFO - [ADMF] Sudah up-to-date.
2026-01-29 13:16:02,402 - INFO - [ASMI] Memulai scraping...
2026-01-29 13:16:02,402 - INFO - [AHAP] Sudah up-to-date.
2026-01-29 13:16:02,410 - INFO - [ASRM] Memulai scraping...
2026-01-29 13:16:02,412 - INFO - [ABDA] Sudah up-to-date.
2026-01-29 13:16:02,417 - INFO - [BABP] Memulai scraping...
2026-01-29 13:16:02,417 - INFO - [AMAG] Sudah up-to-date.
2026-01-29 13:16:02,465 - INFO - [BACA] Memulai scraping...
2026-01-29 13:16:02,466 - INFO - [AGRO] Sudah up-to-date.
2026-01-29 13:16:02,515 - INFO - [BBCA] Memulai scraping...
2026-01-29 13:16:02,515 - INFO - [ASBI] Sudah up-to-date.
2026-01-29 13:16:02,543 - INFO - [BBHI] Memulai scraping...
2026-01-29 13:16:02,543 - INFO - [ASMI] Sudah up-to-date.
2026-01-29 13:16:02,548 - INFO - [BBKP] Memulai scraping...
2026-01-29 13:16:02,549 - INFO - [ASJT] Sudah up-to-date.
2026-01-29 13:16:02,567 - INFO - [BBLD] Memulai scraping...
2026-01-29 13:16:02,571 - INFO - [BBMD] Memulai scraping...
2026-01-29 13:16:02,571 - INFO - [BABP] Sudah up-to-date.
2026-01-29 13:16:02,576 - INFO - [BACA] Sudah up-to-date.
2026-01-29 13:16:02,576 - INFO - [ASRM] Sudah up-to-date.
2026-01-29 13:16:02,575 - INFO - [BBNI] Memulai scraping...
2026-01-29 13:16:02,583 - INFO - [ASDM] Sudah up-to-date.
2026-01-29 13:16:02,579 - INFO - [BBRI] Memulai scraping...
2026-01-29 13:16:02,641 - INFO - [BBTN] Memulai scraping...
2026-01-29 13:16:02,641 - INFO - [BBCA] Sudah up-to-date.
2026-01-29 13:16:02,659 - INFO - [BBYB] Memulai scraping...
2026-01-29 13:16:02,659 - INFO - [BBHI] Sudah up-to-date.
2026-01-29 13:16:02,670 - INFO - [BCAP] Memulai scraping...
2026-01-29 13:16:02,670 - INFO - [BBKP] Sudah up-to-date.
2026-01-29 13:16:02,727 - INFO - [BCIC] Memulai scraping...
2026-01-29 13:16:02,727 - INFO - [BBMD] Sudah up-to-date.
2026-01-29 13:16:02,729 - INFO - [BDMN] Memulai scraping...
2026-01-29 13:16:02,730 - INFO - [BBLD] Sudah up-to-date.
2026-01-29 13:16:02,733 - INFO - [BEKS] Memulai scraping...
2026-01-29 13:16:02,734 - INFO - [BBRI] Sudah up-to-date.
2026-01-29 13:16:02,736 - INFO - [BFIN] Memulai scraping...
2026-01-29 13:16:02,737 - INFO - [BBNI] Sudah up-to-date.
2026-01-29 13:16:02,749 - INFO - [BGTG] Memulai scraping...
2026-01-29 13:16:02,749 - INFO - [BBTN] Sudah up-to-date.
2026-01-29 13:16:02,774 - INFO - [BINA] Memulai scraping...
2026-01-29 13:16:02,776 - INFO - [BBYB] Sudah up-to-date.
2026-01-29 13:16:02,781 - INFO - [BJBR] Memulai scraping...
2026-01-29 13:16:02,785 - INFO - [BCAP] Sudah up-to-date.
2026-01-29 13:16:02,865 - INFO - [BJTM] Memulai scraping...
2026-01-29 13:16:02,865 - INFO - [BCIC] Sudah up-to-date.
2026-01-29 13:16:02,874 - INFO - [BKSW] Memulai scraping...
2026-01-29 13:16:02,875 - INFO - [BEKS] Sudah up-to-date.
2026-01-29 13:16:02,896 - INFO - [BMAS] Memulai scraping...
2026-01-29 13:16:02,898 - INFO - [BGTG] Sudah up-to-date.
2026-01-29 13:16:02,907 - INFO - [BMRI] Memulai scraping...
2026-01-29 13:16:02,908 - INFO - [BFIN] Sudah up-to-date.
2026-01-29 13:16:02,910 - INFO - [BNBA] Memulai scraping...
2026-01-29 13:16:02,912 - INFO - [BDMN] Sudah up-to-date.
2026-01-29 13:16:02,917 - INFO - [BNGA] Memulai scraping...
2026-01-29 13:16:02,918 - INFO - [BINA] Sudah up-to-date.
2026-01-29 13:16:02,922 - INFO - [BNII] Memulai scraping...
2026-01-29 13:16:02,922 - INFO - [BJBR] Sudah up-to-date.
2026-01-29 13:16:02,986 - INFO - [BNLI] Memulai scraping...
2026-01-29 13:16:02,987 - INFO - [BKSW] Sudah up-to-date.
2026-01-29 13:16:02,999 - INFO - [BPFI] Memulai scraping...
2026-01-29 13:16:03,000 - INFO - [AGRS] Sudah up-to-date.
2026-01-29 13:16:03,006 - INFO - [BPII] Memulai scraping...
2026-01-29 13:16:03,006 - INFO - [BJTM] Sudah up-to-date.
2026-01-29 13:16:03,030 - INFO - [BSIM] Memulai scraping...
2026-01-29 13:16:03,030 - INFO - [BMAS] Sudah up-to-date.
2026-01-29 13:16:03,070 - INFO - [BSWD] Memulai scraping...
2026-01-29 13:16:03,070 - INFO - [BNGA] Sudah up-to-date.
2026-01-29 13:16:03,076 - INFO - [BTPN] Memulai scraping...
2026-01-29 13:16:03,078 - INFO - [BNBA] Sudah up-to-date.
2026-01-29 13:16:03,079 - INFO - [BVIC] Memulai scraping...
2026-01-29 13:16:03,080 - INFO - [BMRI] Sudah up-to-date.
2026-01-29 13:16:03,082 - INFO - [CFIN] Memulai scraping...
2026-01-29 13:16:03,084 - INFO - [BNII] Sudah up-to-date.
2026-01-29 13:16:03,106 - INFO - [DEFI] Memulai scraping...
2026-01-29 13:16:03,108 - INFO - [BNLI] Sudah up-to-date.
2026-01-29 13:16:03,138 - INFO - [DNAR] Memulai scraping...
2026-01-29 13:16:03,138 - INFO - [BPII] Sudah up-to-date.
2026-01-29 13:16:03,146 - INFO - [DNET] Memulai scraping...
2026-01-29 13:16:03,146 - INFO - [BSIM] Sudah up-to-date.
2026-01-29 13:16:03,155 - INFO - [GSMF] Memulai scraping...
2026-01-29 13:16:03,155 - INFO - [BPFI] Sudah up-to-date.
2026-01-29 13:16:03,204 - INFO - [HDFA] Memulai scraping...
2026-01-29 13:16:03,204 - INFO - [BSWD] Sudah up-to-date.
2026-01-29 13:16:03,215 - INFO - [INPC] Memulai scraping...
2026-01-29 13:16:03,215 - INFO - [BTPN] Sudah up-to-date.
2026-01-29 13:16:03,230 - INFO - [LPGI] Memulai scraping...
2026-01-29 13:16:03,230 - INFO - [CFIN] Sudah up-to-date.
2026-01-29 13:16:03,256 - INFO - [LPPS] Memulai scraping...
2026-01-29 13:16:03,258 - INFO - [BVIC] Sudah up-to-date.
2026-01-29 13:16:03,260 - INFO - [MAYA] Memulai scraping...
2026-01-29 13:16:03,261 - INFO - [DNAR] Sudah up-to-date.
2026-01-29 13:16:03,264 - INFO - [MCOR] Memulai scraping...
2026-01-29 13:16:03,264 - INFO - [DEFI] Sudah up-to-date.
2026-01-29 13:16:03,275 - INFO - [MEGA] Memulai scraping...
2026-01-29 13:16:03,277 - INFO - [GSMF] Sudah up-to-date.
2026-01-29 13:16:03,284 - INFO - [MFIN] Memulai scraping...
2026-01-29 13:16:03,284 - INFO - [DNET] Sudah up-to-date.
2026-01-29 13:16:03,311 - INFO - [MREI] Memulai scraping...
2026-01-29 13:16:03,313 - INFO - [HDFA] Sudah up-to-date.
2026-01-29 13:16:03,326 - INFO - [NISP] Memulai scraping...
2026-01-29 13:16:03,326 - INFO - [INPC] Sudah up-to-date.
2026-01-29 13:16:03,360 - INFO - [NOBU] Memulai scraping...
2026-01-29 13:16:03,362 - INFO - [LPGI] Sudah up-to-date.
2026-01-29 13:16:03,387 - INFO - [OCAP] Memulai scraping...
2026-01-29 13:16:03,387 - INFO - [LPPS] Sudah up-to-date.
2026-01-29 13:16:03,394 - INFO - [PADI] Memulai scraping...
2026-01-29 13:16:03,394 - INFO - [MAYA] Sudah up-to-date.
2026-01-29 13:16:03,401 - INFO - [PALM] Memulai scraping...
2026-01-29 13:16:03,401 - INFO - [MCOR] Sudah up-to-date.
2026-01-29 13:16:03,429 - ERROR - [MFIN] Error: Gagal mengambil data. Status: 404
2026-01-29 13:16:03,431 - INFO - [PANS] Memulai scraping...
2026-01-29 13:16:03,431 - INFO - [MFIN] Error: Gagal mengambil data. Status: 404
2026-01-29 13:16:03,440 - INFO - [PEGE] Memulai scraping...
2026-01-29 13:16:03,441 - INFO - [MEGA] Sudah up-to-date.
2026-01-29 13:16:03,457 - INFO - [PLAS] Memulai scraping...
2026-01-29 13:16:03,457 - INFO - [NOBU] Sudah up-to-date.
2026-01-29 13:16:03,463 - INFO - [PNBN] Memulai scraping...
2026-01-29 13:16:03,463 - INFO - [NISP] Sudah up-to-date.
2026-01-29 13:16:03,498 - INFO - [PNBS] Memulai scraping...
2026-01-29 13:16:03,498 - INFO - [OCAP] Sudah up-to-date.
2026-01-29 13:16:03,505 - INFO - [PNIN] Memulai scraping...
2026-01-29 13:16:03,505 - INFO - [PADI] Sudah up-to-date.
2026-01-29 13:16:03,522 - INFO - [PNLF] Memulai scraping...
2026-01-29 13:16:03,522 - INFO - [PALM] Sudah up-to-date.
2026-01-29 13:16:03,564 - INFO - [POOL] Memulai scraping...
2026-01-29 13:16:03,564 - INFO - [MREI] Sudah up-to-date.
2026-01-29 13:16:03,568 - INFO - [RELI] Memulai scraping...
2026-01-29 13:16:03,569 - INFO - [PLAS] Sudah up-to-date.
2026-01-29 13:16:03,590 - INFO - [SDRA] Memulai scraping...
2026-01-29 13:16:03,590 - INFO - [PANS] Sudah up-to-date.
2026-01-29 13:16:03,605 - INFO - [SMMA] Memulai scraping...
2026-01-29 13:16:03,605 - INFO - [PNBS] Sudah up-to-date.
2026-01-29 13:16:03,610 - INFO - [SRTG] Memulai scraping...
2026-01-29 13:16:03,612 - INFO - [PNBN] Sudah up-to-date.
2026-01-29 13:16:03,626 - INFO - [STAR] Memulai scraping...
2026-01-29 13:16:03,627 - INFO - [PNIN] Sudah up-to-date.
2026-01-29 13:16:03,651 - INFO - [TIFA] Memulai scraping...
2026-01-29 13:16:03,651 - INFO - [PNLF] Sudah up-to-date.
2026-01-29 13:16:03,674 - INFO - [TRIM] Memulai scraping...
2026-01-29 13:16:03,674 - INFO - [PEGE] Sudah up-to-date.
2026-01-29 13:16:03,692 - INFO - [TRUS] Memulai scraping...
2026-01-29 13:16:03,692 - INFO - [POOL] Sudah up-to-date.
2026-01-29 13:16:03,702 - INFO - [VICO] Memulai scraping...
2026-01-29 13:16:03,702 - INFO - [RELI] Sudah up-to-date.
2026-01-29 13:16:03,725 - INFO - [VINS] Memulai scraping...
2026-01-29 13:16:03,725 - INFO - [SDRA] Sudah up-to-date.
2026-01-29 13:16:03,740 - INFO - [VRNA] Memulai scraping...
2026-01-29 13:16:03,742 - INFO - [STAR] Sudah up-to-date.
2026-01-29 13:16:03,744 - INFO - [WOMF] Memulai scraping...
2026-01-29 13:16:03,745 - INFO - [SRTG] Sudah up-to-date.
2026-01-29 13:16:03,748 - INFO - [YULE] Memulai scraping...
2026-01-29 13:16:03,748 - INFO - [SMMA] Sudah up-to-date.
2026-01-29 13:16:03,797 - INFO - [CASA] Memulai scraping...
2026-01-29 13:16:03,798 - INFO - [TRIM] Sudah up-to-date.
2026-01-29 13:16:03,810 - INFO - [BRIS] Memulai scraping...
2026-01-29 13:16:03,810 - INFO - [VICO] Sudah up-to-date.
2026-01-29 13:16:03,835 - INFO - [MTWI] Memulai scraping...
2026-01-29 13:16:03,837 - INFO - [TRUS] Sudah up-to-date.
2026-01-29 13:16:03,847 - INFO - [JMAS] Memulai scraping...
2026-01-29 13:16:03,847 - INFO - [VINS] Sudah up-to-date.
2026-01-29 13:16:03,870 - INFO - [NICK] Memulai scraping...
2026-01-29 13:16:03,870 - INFO - [VRNA] Sudah up-to-date.
2026-01-29 13:16:03,881 - INFO - [BTPS] Memulai scraping...
2026-01-29 13:16:03,882 - INFO - [TIFA] Sudah up-to-date.
2026-01-29 13:16:03,889 - INFO - [TUGU] Memulai scraping...
2026-01-29 13:16:03,890 - INFO - [WOMF] Sudah up-to-date.
2026-01-29 13:16:03,893 - INFO - [POLA] Memulai scraping...
2026-01-29 13:16:03,894 - INFO - [YULE] Sudah up-to-date.
2026-01-29 13:16:03,898 - INFO - [SFAN] Memulai scraping...
2026-01-29 13:16:03,900 - INFO - [CASA] Sudah up-to-date.
2026-01-29 13:16:03,942 - INFO - [LIFE] Memulai scraping...
2026-01-29 13:16:03,942 - INFO - [MTWI] Sudah up-to-date.
2026-01-29 13:16:03,957 - INFO - [FUJI] Memulai scraping...
2026-01-29 13:16:03,957 - INFO - [JMAS] Sudah up-to-date.
2026-01-29 13:16:03,985 - INFO - [AMAR] Memulai scraping...
2026-01-29 13:16:03,985 - INFO - [NICK] Sudah up-to-date.
2026-01-29 13:16:04,022 - INFO - [AMOR] Memulai scraping...
2026-01-29 13:16:04,022 - INFO - [BTPS] Sudah up-to-date.
2026-01-29 13:16:04,028 - INFO - [BHAT] Memulai scraping...
2026-01-29 13:16:04,029 - INFO - [BBSI] Memulai scraping...
2026-01-29 13:16:04,029 - INFO - [TUGU] Sudah up-to-date.
2026-01-29 13:16:04,032 - INFO - [POLA] Sudah up-to-date.
2026-01-29 13:16:04,036 - INFO - [BANK] Memulai scraping...
2026-01-29 13:16:04,038 - INFO - [BRIS] Sudah up-to-date.
2026-01-29 13:16:04,042 - INFO - [MASB] Memulai scraping...
2026-01-29 13:16:04,043 - INFO - [SFAN] Sudah up-to-date.
2026-01-29 13:16:04,065 - INFO - [VTNY] Memulai scraping...
2026-01-29 13:16:04,068 - INFO - [LIFE] Sudah up-to-date.
2026-01-29 13:16:04,072 - INFO - [YOII] Memulai scraping...
2026-01-29 13:16:04,076 - INFO - [FUJI] Sudah up-to-date.
2026-01-29 13:16:04,090 - INFO - [COIN] Memulai scraping...
2026-01-29 13:16:04,092 - INFO - [AMAR] Sudah up-to-date.
2026-01-29 13:16:04,154 - INFO - [AMOR] Sudah up-to-date.
2026-01-29 13:16:04,159 - INFO - [BHAT] Sudah up-to-date.
2026-01-29 13:16:04,166 - INFO - [BBSI] Sudah up-to-date.
2026-01-29 13:16:04,191 - INFO - [BANK] Sudah up-to-date.
2026-01-29 13:16:04,197 - INFO - [MASB] Sudah up-to-date.
2026-01-29 13:16:04,213 - INFO - [YOII] Sudah up-to-date.
2026-01-29 13:16:04,215 - INFO - [VTNY] Sudah up-to-date.
2026-01-29 13:16:04,222 - INFO - [COIN] Sudah up-to-date.
2026-01-29 14:03:14,953 - INFO - Memuat 106 saham dari CSV. Mode Full: False
2026-01-29 14:03:14,954 - INFO - [ABDA] Memulai scraping...
2026-01-29 14:03:14,955 - INFO - [ADMF] Memulai scraping...
2026-01-29 14:03:14,957 - INFO - [AGRO] Memulai scraping...
2026-01-29 14:03:14,959 - INFO - [AGRS] Memulai scraping...
2026-01-29 14:03:14,960 - INFO - [AHAP] Memulai scraping...
2026-01-29 14:03:14,962 - INFO - [AMAG] Memulai scraping...
2026-01-29 14:03:14,963 - INFO - [APIC] Memulai scraping...
2026-01-29 14:03:14,964 - INFO - [ARTO] Memulai scraping...
2026-01-29 14:03:15,244 - INFO - [ASBI] Memulai scraping...
2026-01-29 14:03:15,244 - INFO - [ADMF] Sudah up-to-date.
2026-01-29 14:03:15,252 - INFO - [ASDM] Memulai scraping...
2026-01-29 14:03:15,253 - INFO - [AGRS] Sudah up-to-date.
2026-01-29 14:03:15,267 - INFO - [ASJT] Memulai scraping...
2026-01-29 14:03:15,268 - INFO - [AGRO] Sudah up-to-date.
2026-01-29 14:03:15,272 - INFO - [ASMI] Memulai scraping...
2026-01-29 14:03:15,273 - INFO - [ARTO] Sudah up-to-date.
2026-01-29 14:03:15,277 - INFO - [ASRM] Memulai scraping...
2026-01-29 14:03:15,278 - INFO - [APIC] Sudah up-to-date.
2026-01-29 14:03:15,289 - INFO - [BABP] Memulai scraping...
2026-01-29 14:03:15,292 - INFO - [AMAG] Sudah up-to-date.
2026-01-29 14:03:15,293 - INFO - [BACA] Memulai scraping...
2026-01-29 14:03:15,294 - INFO - [ABDA] Sudah up-to-date.
2026-01-29 14:03:15,353 - INFO - [BBCA] Memulai scraping...
2026-01-29 14:03:15,354 - INFO - [AHAP] Sudah up-to-date.
2026-01-29 14:03:15,359 - INFO - [BBHI] Memulai scraping...
2026-01-29 14:03:15,359 - INFO - [ASBI] Sudah up-to-date.
2026-01-29 14:03:15,369 - INFO - [BBKP] Memulai scraping...
2026-01-29 14:03:15,369 - INFO - [ASDM] Sudah up-to-date.
2026-01-29 14:03:15,387 - INFO - [BBLD] Memulai scraping...
2026-01-29 14:03:15,389 - INFO - [ASMI] Sudah up-to-date.
2026-01-29 14:03:15,407 - INFO - [BBMD] Memulai scraping...
2026-01-29 14:03:15,407 - INFO - [BABP] Sudah up-to-date.
2026-01-29 14:03:15,409 - INFO - [BBNI] Memulai scraping...
2026-01-29 14:03:15,409 - INFO - [BACA] Sudah up-to-date.
2026-01-29 14:03:15,414 - INFO - [BBRI] Memulai scraping...
2026-01-29 14:03:15,415 - INFO - [ASJT] Sudah up-to-date.
2026-01-29 14:03:15,464 - INFO - [BBTN] Memulai scraping...
2026-01-29 14:03:15,466 - INFO - [BBHI] Sudah up-to-date.
2026-01-29 14:03:15,469 - INFO - [BBYB] Memulai scraping...
2026-01-29 14:03:15,469 - INFO - [BBCA] Sudah up-to-date.
2026-01-29 14:03:15,473 - INFO - [BCAP] Memulai scraping...
2026-01-29 14:03:15,475 - INFO - [BBKP] Sudah up-to-date.
2026-01-29 14:03:15,477 - INFO - [BCIC] Memulai scraping...
2026-01-29 14:03:15,477 - INFO - [ASRM] Sudah up-to-date.
2026-01-29 14:03:15,505 - INFO - [BDMN] Memulai scraping...
2026-01-29 14:03:15,509 - INFO - [BBLD] Sudah up-to-date.
2026-01-29 14:03:15,534 - INFO - [BEKS] Memulai scraping...
2026-01-29 14:03:15,535 - INFO - [BBRI] Sudah up-to-date.
2026-01-29 14:03:15,536 - INFO - [BFIN] Memulai scraping...
2026-01-29 14:03:15,537 - INFO - [BBNI] Sudah up-to-date.
2026-01-29 14:03:15,577 - INFO - [BGTG] Memulai scraping...
2026-01-29 14:03:15,577 - INFO - [BBMD] Sudah up-to-date.
2026-01-29 14:03:15,580 - INFO - [BINA] Memulai scraping...
2026-01-29 14:03:15,581 - INFO - [BCIC] Sudah up-to-date.
2026-01-29 14:03:15,583 - INFO - [BJBR] Memulai scraping...
2026-01-29 14:03:15,583 - INFO - [BBYB] Sudah up-to-date.
2026-01-29 14:03:15,592 - INFO - [BJTM] Memulai scraping...
2026-01-29 14:03:15,596 - INFO - [BBTN] Sudah up-to-date.
2026-01-29 14:03:15,609 - INFO - [BKSW] Memulai scraping...
2026-01-29 14:03:15,615 - INFO - [BCAP] Sudah up-to-date.
2026-01-29 14:03:15,624 - INFO - [BMAS] Memulai scraping...
2026-01-29 14:03:15,624 - INFO - [BDMN] Sudah up-to-date.
2026-01-29 14:03:15,631 - INFO - [BMRI] Memulai scraping...
2026-01-29 14:03:15,635 - INFO - [BEKS] Sudah up-to-date.
2026-01-29 14:03:15,654 - INFO - [BNBA] Memulai scraping...
2026-01-29 14:03:15,657 - INFO - [BFIN] Sudah up-to-date.
2026-01-29 14:03:15,680 - INFO - [BNGA] Memulai scraping...
2026-01-29 14:03:15,682 - INFO - [BGTG] Sudah up-to-date.
2026-01-29 14:03:15,688 - INFO - [BNII] Memulai scraping...
2026-01-29 14:03:15,689 - INFO - [BINA] Sudah up-to-date.
2026-01-29 14:03:15,716 - INFO - [BNLI] Memulai scraping...
2026-01-29 14:03:15,716 - INFO - [BKSW] Sudah up-to-date.
2026-01-29 14:03:15,726 - INFO - [BPFI] Memulai scraping...
2026-01-29 14:03:15,726 - INFO - [BJBR] Sudah up-to-date.
2026-01-29 14:03:15,749 - INFO - [BPII] Memulai scraping...
2026-01-29 14:03:15,749 - INFO - [BJTM] Sudah up-to-date.
2026-01-29 14:03:15,767 - INFO - [BSIM] Memulai scraping...
2026-01-29 14:03:15,767 - INFO - [BMRI] Sudah up-to-date.
2026-01-29 14:03:15,773 - INFO - [BSWD] Memulai scraping...
2026-01-29 14:03:15,773 - INFO - [BMAS] Sudah up-to-date.
2026-01-29 14:03:15,797 - INFO - [BTPN] Memulai scraping...
2026-01-29 14:03:15,797 - INFO - [BNBA] Sudah up-to-date.
2026-01-29 14:03:15,815 - INFO - [BVIC] Memulai scraping...
2026-01-29 14:03:15,815 - INFO - [BNII] Sudah up-to-date.
2026-01-29 14:03:15,829 - INFO - [CFIN] Memulai scraping...
2026-01-29 14:03:15,829 - INFO - [BPFI] Sudah up-to-date.
2026-01-29 14:03:15,833 - INFO - [DEFI] Memulai scraping...
2026-01-29 14:03:15,833 - INFO - [BNLI] Sudah up-to-date.
2026-01-29 14:03:15,850 - INFO - [DNAR] Memulai scraping...
2026-01-29 14:03:15,850 - INFO - [BPII] Sudah up-to-date.
2026-01-29 14:03:15,856 - INFO - [DNET] Memulai scraping...
2026-01-29 14:03:15,857 - INFO - [BNGA] Sudah up-to-date.
2026-01-29 14:03:15,864 - INFO - [GSMF] Memulai scraping...
2026-01-29 14:03:15,864 - INFO - [BSIM] Sudah up-to-date.
2026-01-29 14:03:15,873 - INFO - [BSWD] Sudah up-to-date.
2026-01-29 14:03:15,873 - INFO - [HDFA] Memulai scraping...
2026-01-29 14:03:15,924 - INFO - [INPC] Memulai scraping...
2026-01-29 14:03:15,924 - INFO - [BVIC] Sudah up-to-date.
2026-01-29 14:03:15,958 - INFO - [LPGI] Memulai scraping...
2026-01-29 14:03:15,959 - INFO - [DNAR] Sudah up-to-date.
2026-01-29 14:03:15,962 - INFO - [LPPS] Memulai scraping...
2026-01-29 14:03:15,963 - INFO - [DEFI] Sudah up-to-date.
2026-01-29 14:03:15,971 - INFO - [MAYA] Memulai scraping...
2026-01-29 14:03:15,972 - INFO - [HDFA] Sudah up-to-date.
2026-01-29 14:03:15,974 - INFO - [MCOR] Memulai scraping...
2026-01-29 14:03:15,974 - INFO - [DNET] Sudah up-to-date.
2026-01-29 14:03:15,978 - INFO - [MEGA] Memulai scraping...
2026-01-29 14:03:15,979 - INFO - [GSMF] Sudah up-to-date.
2026-01-29 14:03:15,983 - INFO - [MFIN] Memulai scraping...
2026-01-29 14:03:15,985 - INFO - [CFIN] Sudah up-to-date.
2026-01-29 14:03:16,000 - INFO - [MREI] Memulai scraping...
2026-01-29 14:03:16,000 - INFO - [INPC] Sudah up-to-date.
2026-01-29 14:03:16,010 - INFO - [NISP] Memulai scraping...
2026-01-29 14:03:16,010 - INFO - [BTPN] Sudah up-to-date.
2026-01-29 14:03:16,089 - INFO - [NOBU] Memulai scraping...
2026-01-29 14:03:16,089 - INFO - [LPPS] Sudah up-to-date.
2026-01-29 14:03:16,111 - INFO - [OCAP] Memulai scraping...
2026-01-29 14:03:16,111 - INFO - [MCOR] Sudah up-to-date.
2026-01-29 14:03:16,114 - ERROR - [MFIN] Error: Gagal mengambil data. Status: 404
2026-01-29 14:03:16,115 - INFO - [PADI] Memulai scraping...
2026-01-29 14:03:16,116 - INFO - [MFIN] Error: Gagal mengambil data. Status: 404
2026-01-29 14:03:16,124 - INFO - [PALM] Memulai scraping...
2026-01-29 14:03:16,126 - INFO - [MAYA] Sudah up-to-date.
2026-01-29 14:03:16,127 - INFO - [PANS] Memulai scraping...
2026-01-29 14:03:16,129 - INFO - [LPGI] Sudah up-to-date.
2026-01-29 14:03:16,134 - INFO - [PEGE] Memulai scraping...
2026-01-29 14:03:16,139 - INFO - [MREI] Sudah up-to-date.
2026-01-29 14:03:16,142 - INFO - [PLAS] Memulai scraping...
2026-01-29 14:03:16,146 - INFO - [MEGA] Sudah up-to-date.
2026-01-29 14:03:16,149 - INFO - [PNBN] Memulai scraping...
2026-01-29 14:03:16,151 - INFO - [NISP] Sudah up-to-date.
2026-01-29 14:03:16,157 - INFO - [PNBS] Memulai scraping...
2026-01-29 14:03:16,165 - INFO - [NOBU] Sudah up-to-date.
2026-01-29 14:03:16,211 - INFO - [PNIN] Memulai scraping...
2026-01-29 14:03:16,211 - INFO - [PADI] Sudah up-to-date.
2026-01-29 14:03:16,238 - INFO - [PNLF] Memulai scraping...
2026-01-29 14:03:16,238 - INFO - [OCAP] Sudah up-to-date.
2026-01-29 14:03:16,243 - INFO - [POOL] Memulai scraping...
2026-01-29 14:03:16,243 - INFO - [PALM] Sudah up-to-date.
2026-01-29 14:03:16,267 - INFO - [RELI] Memulai scraping...
2026-01-29 14:03:16,269 - INFO - [PLAS] Sudah up-to-date.
2026-01-29 14:03:16,288 - INFO - [SDRA] Memulai scraping...
2026-01-29 14:03:16,290 - INFO - [PNBS] Sudah up-to-date.
2026-01-29 14:03:16,292 - INFO - [SMMA] Memulai scraping...
2026-01-29 14:03:16,293 - INFO - [PEGE] Sudah up-to-date.
2026-01-29 14:03:16,298 - INFO - [SRTG] Memulai scraping...
2026-01-29 14:03:16,298 - INFO - [PANS] Sudah up-to-date.
2026-01-29 14:03:16,303 - INFO - [STAR] Memulai scraping...
2026-01-29 14:03:16,307 - INFO - [PNBN] Sudah up-to-date.
2026-01-29 14:03:16,322 - INFO - [TIFA] Memulai scraping...
2026-01-29 14:03:16,323 - INFO - [PNIN] Sudah up-to-date.
2026-01-29 14:03:16,364 - INFO - [TRIM] Memulai scraping...
2026-01-29 14:03:16,364 - INFO - [PNLF] Sudah up-to-date.
2026-01-29 14:03:16,367 - INFO - [TRUS] Memulai scraping...
2026-01-29 14:03:16,369 - INFO - [POOL] Sudah up-to-date.
2026-01-29 14:03:16,381 - INFO - [VICO] Memulai scraping...
2026-01-29 14:03:16,382 - INFO - [RELI] Sudah up-to-date.
2026-01-29 14:03:16,410 - INFO - [VINS] Memulai scraping...
2026-01-29 14:03:16,411 - INFO - [VRNA] Memulai scraping...
2026-01-29 14:03:16,411 - INFO - [STAR] Sudah up-to-date.
2026-01-29 14:03:16,413 - INFO - [SRTG] Sudah up-to-date.
2026-01-29 14:03:16,420 - INFO - [WOMF] Memulai scraping...
2026-01-29 14:03:16,422 - INFO - [YULE] Memulai scraping...
2026-01-29 14:03:16,423 - INFO - [SDRA] Sudah up-to-date.
2026-01-29 14:03:16,423 - INFO - [SMMA] Sudah up-to-date.
2026-01-29 14:03:16,448 - INFO - [CASA] Memulai scraping...
2026-01-29 14:03:16,452 - INFO - [TIFA] Sudah up-to-date.
2026-01-29 14:03:16,477 - INFO - [BRIS] Memulai scraping...
2026-01-29 14:03:16,480 - INFO - [VICO] Sudah up-to-date.
2026-01-29 14:03:16,484 - INFO - [MTWI] Memulai scraping...
2026-01-29 14:03:16,485 - INFO - [TRIM] Sudah up-to-date.
2026-01-29 14:03:16,496 - INFO - [JMAS] Memulai scraping...
2026-01-29 14:03:16,500 - INFO - [TRUS] Sudah up-to-date.
2026-01-29 14:03:16,532 - INFO - [NICK] Memulai scraping...
2026-01-29 14:03:16,534 - INFO - [VRNA] Sudah up-to-date.
2026-01-29 14:03:16,535 - INFO - [BTPS] Memulai scraping...
2026-01-29 14:03:16,536 - INFO - [VINS] Sudah up-to-date.
2026-01-29 14:03:16,544 - INFO - [TUGU] Memulai scraping...
2026-01-29 14:03:16,545 - INFO - [WOMF] Sudah up-to-date.
2026-01-29 14:03:16,561 - INFO - [POLA] Memulai scraping...
2026-01-29 14:03:16,562 - INFO - [CASA] Sudah up-to-date.
2026-01-29 14:03:16,582 - INFO - [SFAN] Memulai scraping...
2026-01-29 14:03:16,582 - INFO - [BRIS] Sudah up-to-date.
2026-01-29 14:03:16,585 - INFO - [LIFE] Memulai scraping...
2026-01-29 14:03:16,585 - INFO - [MTWI] Sudah up-to-date.
2026-01-29 14:03:16,593 - INFO - [FUJI] Memulai scraping...
2026-01-29 14:03:16,593 - INFO - [YULE] Sudah up-to-date.
2026-01-29 14:03:16,595 - INFO - [AMAR] Memulai scraping...
2026-01-29 14:03:16,595 - INFO - [JMAS] Sudah up-to-date.
2026-01-29 14:03:16,624 - INFO - [AMOR] Memulai scraping...
2026-01-29 14:03:16,630 - INFO - [NICK] Sudah up-to-date.
2026-01-29 14:03:16,647 - INFO - [BHAT] Memulai scraping...
2026-01-29 14:03:16,648 - INFO - [BTPS] Sudah up-to-date.
2026-01-29 14:03:16,657 - INFO - [BBSI] Memulai scraping...
2026-01-29 14:03:16,657 - INFO - [TUGU] Sudah up-to-date.
2026-01-29 14:03:16,683 - INFO - [BANK] Memulai scraping...
2026-01-29 14:03:16,684 - INFO - [LIFE] Sudah up-to-date.
2026-01-29 14:03:16,695 - INFO - [MASB] Memulai scraping...
2026-01-29 14:03:16,695 - INFO - [SFAN] Sudah up-to-date.
2026-01-29 14:03:16,700 - INFO - [VTNY] Memulai scraping...
2026-01-29 14:03:16,701 - INFO - [POLA] Sudah up-to-date.
2026-01-29 14:03:16,717 - INFO - [YOII] Memulai scraping...
2026-01-29 14:03:16,717 - INFO - [AMAR] Sudah up-to-date.
2026-01-29 14:03:16,720 - INFO - [COIN] Memulai scraping...
2026-01-29 14:03:16,720 - INFO - [FUJI] Sudah up-to-date.
2026-01-29 14:03:16,740 - INFO - [AMOR] Sudah up-to-date.
2026-01-29 14:03:16,753 - INFO - [BHAT] Sudah up-to-date.
2026-01-29 14:03:16,762 - INFO - [BBSI] Sudah up-to-date.
2026-01-29 14:03:16,789 - INFO - [BANK] Sudah up-to-date.
2026-01-29 14:03:16,805 - INFO - [MASB] Sudah up-to-date.
2026-01-29 14:03:16,806 - INFO - [VTNY] Sudah up-to-date.
2026-01-29 14:03:16,813 - INFO - [YOII] Sudah up-to-date.
2026-01-29 14:03:16,866 - INFO - [COIN] Sudah up-to-date.
